// Jest Snapshot v1, https://goo.gl/fbAQLP

exports[`pages test snapshots testing detail page 1`] = `
Array [
  <header>
    <img
      alt="Mobile menu button"
      src="https://img.icons8.com/material-rounded/24/ffffff/menu--v1.png"
    />
    <a
      aria-current="page"
      className="active"
      href="/"
      onClick={[Function]}
      style={Object {}}
    >
      <h1
        className="title"
      >
        Cripto Live
      </h1>
    </a>
    <div
      className="icons"
    >
      <img
        alt="config button"
        src="https://img.icons8.com/external-those-icons-fill-those-icons/24/ffffff/external-gear-settings-those-icons-fill-those-icons-1.png"
      />
    </div>
  </header>,
  <div
    className="container"
  >
    <h3>
      Most Valuable -
       
      BTC
    </h3>
    <div
      className="content"
    >
      <img
        alt="BTC"
        src="https://img.icons8.com/color/70/000000/bitcoin--v3.png"
      />
      $61339.90
    </div>
  </div>,
  <div
    className="coinsContainer"
  >
    <div
      className="filtersContainer"
    >
      <p>
        Top 10 Most Valuable Crypto
      </p>
      <select
        onChange={[Function]}
        value="value"
      >
        <option
          value="value"
        >
          value
        </option>
        <option
          value="fluctuation"
        >
          fluctuation
        </option>
      </select>
    </div>
    <ul
      className="coinBox"
    >
      <a
        aria-current={null}
        className="route"
        href="/coin-detail"
        onClick={[Function]}
      >
        <li>
          <div
            className="coinItem"
          >
            <img
              alt="currency"
              src="https://img.icons8.com/fluency/35/000000/stack-of-coins.png"
            />
            <p>
              Bitcoin 
              -
               BTC
            </p>
            <p>
              $61339.90
            </p>
          </div>
        </li>
      </a>
      <a
        aria-current={null}
        className="route"
        href="/coin-detail"
        onClick={[Function]}
      >
        <li>
          <div
            className="coinItem"
          >
            <img
              alt="currency"
              src="https://img.icons8.com/fluency/35/000000/stack-of-coins.png"
            />
            <p>
              Ethereum 
              -
               ETH
            </p>
            <p>
              $4113.626
            </p>
          </div>
        </li>
      </a>
      <a
        aria-current={null}
        className="route"
        href="/coin-detail"
        onClick={[Function]}
      >
        <li>
          <div
            className="coinItem"
          >
            <img
              alt="currency"
              src="https://img.icons8.com/fluency/35/000000/stack-of-coins.png"
            />
            <p>
              Binance Coin 
              -
               BNB
            </p>
            <p>
              $482.4436
            </p>
          </div>
        </li>
      </a>
      <a
        aria-current={null}
        className="route"
        href="/coin-detail"
        onClick={[Function]}
      >
        <li>
          <div
            className="coinItem"
          >
            <img
              alt="currency"
              src="https://img.icons8.com/fluency/35/000000/stack-of-coins.png"
            />
            <p>
              Cardano 
              -
               ADA
            </p>
            <p>
              $2.154495
            </p>
          </div>
        </li>
      </a>
      <a
        aria-current={null}
        className="route"
        href="/coin-detail"
        onClick={[Function]}
      >
        <li>
          <div
            className="coinItem"
          >
            <img
              alt="currency"
              src="https://img.icons8.com/fluency/35/000000/stack-of-coins.png"
            />
            <p>
              Tether 
              -
               USDT
            </p>
            <p>
              $1.000209
            </p>
          </div>
        </li>
      </a>
      <a
        aria-current={null}
        className="route"
        href="/coin-detail"
        onClick={[Function]}
      >
        <li>
          <div
            className="coinItem"
          >
            <img
              alt="currency"
              src="https://img.icons8.com/fluency/35/000000/stack-of-coins.png"
            />
            <p>
              Solana 
              -
               SOL
            </p>
            <p>
              $196.1547
            </p>
          </div>
        </li>
      </a>
      <a
        aria-current={null}
        className="route"
        href="/coin-detail"
        onClick={[Function]}
      >
        <li>
          <div
            className="coinItem"
          >
            <img
              alt="currency"
              src="https://img.icons8.com/fluency/35/000000/stack-of-coins.png"
            />
            <p>
              XRP 
              -
               XRP
            </p>
            <p>
              $1.089344
            </p>
          </div>
        </li>
      </a>
      <a
        aria-current={null}
        className="route"
        href="/coin-detail"
        onClick={[Function]}
      >
        <li>
          <div
            className="coinItem"
          >
            <img
              alt="currency"
              src="https://img.icons8.com/fluency/35/000000/stack-of-coins.png"
            />
            <p>
              Polkadot 
              -
               DOT
            </p>
            <p>
              $43.44539
            </p>
          </div>
        </li>
      </a>
      <a
        aria-current={null}
        className="route"
        href="/coin-detail"
        onClick={[Function]}
      >
        <li>
          <div
            className="coinItem"
          >
            <img
              alt="currency"
              src="https://img.icons8.com/fluency/35/000000/stack-of-coins.png"
            />
            <p>
              Dogecoin 
              -
               DOGE
            </p>
            <p>
              $0.251038
            </p>
          </div>
        </li>
      </a>
      <a
        aria-current={null}
        className="route"
        href="/coin-detail"
        onClick={[Function]}
      >
        <li>
          <div
            className="coinItem"
          >
            <img
              alt="currency"
              src="https://img.icons8.com/fluency/35/000000/stack-of-coins.png"
            />
            <p>
              USD Coin 
              -
               USDC
            </p>
            <p>
              $1.000574
            </p>
          </div>
        </li>
      </a>
    </ul>
  </div>,
]
`;
